exports[`test should render 1`] = `
<div
  className="concise-issue-component note text-ellipsis">
  src/.../long-folder/name/app.js
</div>
`;
